// Jest Snapshot v1, https://goo.gl/fbAQLP

exports[`CountryResults renders 1`] = `
<div
  className="sc-AykKD lfrAza"
>
  <h1>
     Score: 
    10
     
  </h1>
</div>
`;
